// Vitest Snapshot v1, https://vitest.dev/guide/snapshot.html

exports[`RangeSlider component > RangeSlider component should render correctly 1`] = `
<div>
  <div>
    <input
      aria-label="Range slider"
      id="my-slider"
      max="100"
      min="0"
      style="background: linear-gradient(to right, #3264fe 50%, #d5d5d5 50%);"
      type="range"
      value="50"
    />
  </div>
</div>
`;
