// Vitest Snapshot v1, https://vitest.dev/guide/snapshot.html

exports[`Copyable Component > should match snapshot 1`] = `
{
  "asFragment": [Function],
  "baseElement": <body>
    <div>
      <div
        class=" flex h-11 items-center justify-between rounded-md border border-gray-10 bg-gray-5 px-4"
      >
        <p
          class="select-text text-gray-80"
        >
          Text to copy
        </p>
        <div
          class="relative w-max ml-6"
          style="line-height: 0;"
        >
          <div
            class="pointer-events-none absolute top-full left-1/2 -translate-x-1/2 mt-1.5 flex items-center flex-col-reverse drop-shadow-tooltip transition-all duration-150 scale-50 opacity-0"
          >
            <div
              class="w-max rounded-lg bg-gray-90 px-4 py-1.5 text-center dark:bg-gray-5"
            >
              <p
                class="text-base text-white"
              >
                Copy to clipboard
              </p>
            </div>
            <div
              class="bg-gray-90 dark:bg-gray-5 h-1.5 w-4"
              data-testid="tooltip-arrow"
              style="clip-path: polygon(50% 0%, 0% 100%, 100% 100%);"
            />
          </div>
          <button>
            <svg
              class="shrink-0 text-gray-50 hover:text-gray-60"
              fill="currentColor"
              height="24"
              viewBox="0 0 256 256"
              width="24"
              xmlns="http://www.w3.org/2000/svg"
            >
              <path
                d="M216,32H88a8,8,0,0,0-8,8V80H40a8,8,0,0,0-8,8V216a8,8,0,0,0,8,8H168a8,8,0,0,0,8-8V176h40a8,8,0,0,0,8-8V40A8,8,0,0,0,216,32ZM160,208H48V96H160Zm48-48H176V88a8,8,0,0,0-8-8H96V48H208Z"
              />
            </svg>
          </button>
        </div>
      </div>
    </div>
  </body>,
  "container": <div>
    <div
      class=" flex h-11 items-center justify-between rounded-md border border-gray-10 bg-gray-5 px-4"
    >
      <p
        class="select-text text-gray-80"
      >
        Text to copy
      </p>
      <div
        class="relative w-max ml-6"
        style="line-height: 0;"
      >
        <div
          class="pointer-events-none absolute top-full left-1/2 -translate-x-1/2 mt-1.5 flex items-center flex-col-reverse drop-shadow-tooltip transition-all duration-150 scale-50 opacity-0"
        >
          <div
            class="w-max rounded-lg bg-gray-90 px-4 py-1.5 text-center dark:bg-gray-5"
          >
            <p
              class="text-base text-white"
            >
              Copy to clipboard
            </p>
          </div>
          <div
            class="bg-gray-90 dark:bg-gray-5 h-1.5 w-4"
            data-testid="tooltip-arrow"
            style="clip-path: polygon(50% 0%, 0% 100%, 100% 100%);"
          />
        </div>
        <button>
          <svg
            class="shrink-0 text-gray-50 hover:text-gray-60"
            fill="currentColor"
            height="24"
            viewBox="0 0 256 256"
            width="24"
            xmlns="http://www.w3.org/2000/svg"
          >
            <path
              d="M216,32H88a8,8,0,0,0-8,8V80H40a8,8,0,0,0-8,8V216a8,8,0,0,0,8,8H168a8,8,0,0,0,8-8V176h40a8,8,0,0,0,8-8V40A8,8,0,0,0,216,32ZM160,208H48V96H160Zm48-48H176V88a8,8,0,0,0-8-8H96V48H208Z"
            />
          </svg>
        </button>
      </div>
    </div>
  </div>,
  "debug": [Function],
  "findAllByAltText": [Function],
  "findAllByDisplayValue": [Function],
  "findAllByLabelText": [Function],
  "findAllByPlaceholderText": [Function],
  "findAllByRole": [Function],
  "findAllByTestId": [Function],
  "findAllByText": [Function],
  "findAllByTitle": [Function],
  "findByAltText": [Function],
  "findByDisplayValue": [Function],
  "findByLabelText": [Function],
  "findByPlaceholderText": [Function],
  "findByRole": [Function],
  "findByTestId": [Function],
  "findByText": [Function],
  "findByTitle": [Function],
  "getAllByAltText": [Function],
  "getAllByDisplayValue": [Function],
  "getAllByLabelText": [Function],
  "getAllByPlaceholderText": [Function],
  "getAllByRole": [Function],
  "getAllByTestId": [Function],
  "getAllByText": [Function],
  "getAllByTitle": [Function],
  "getByAltText": [Function],
  "getByDisplayValue": [Function],
  "getByLabelText": [Function],
  "getByPlaceholderText": [Function],
  "getByRole": [Function],
  "getByTestId": [Function],
  "getByText": [Function],
  "getByTitle": [Function],
  "queryAllByAltText": [Function],
  "queryAllByDisplayValue": [Function],
  "queryAllByLabelText": [Function],
  "queryAllByPlaceholderText": [Function],
  "queryAllByRole": [Function],
  "queryAllByTestId": [Function],
  "queryAllByText": [Function],
  "queryAllByTitle": [Function],
  "queryByAltText": [Function],
  "queryByDisplayValue": [Function],
  "queryByLabelText": [Function],
  "queryByPlaceholderText": [Function],
  "queryByRole": [Function],
  "queryByTestId": [Function],
  "queryByText": [Function],
  "queryByTitle": [Function],
  "rerender": [Function],
  "unmount": [Function],
}
`;
