// Vitest Snapshot v1, https://vitest.dev/guide/snapshot.html

exports[`List component > should match snapshot 1`] = `
{
  "asFragment": [Function],
  "baseElement": <body>
    <div>
      <div
        class="relative flex h-full flex-col overflow-x-hidden overflow-y-hidden undefined"
        id="generic-list-component"
      >
        <div
          class="flex h-12 shrink-0 flex-row px-5"
        >
          <div
            class="flex h-full min-w-full flex-row items-center border-b border-gray-10"
          >
            <div
              class="flex h-full flex-row items-center justify-between pr-4"
            >
              <label
                class="relative h-5 w-5 rounded focus-within:outline-primary undefined"
              >
                <div
                  class="relative flex h-5 w-5 cursor-pointer flex-col items-center justify-center rounded border text-white border-primary bg-primary"
                >
                  <svg
                    class="absolute -inset-px"
                    fill="none"
                    height="20"
                    viewBox="0 0 20 20"
                    width="20"
                    xmlns="http://www.w3.org/2000/svg"
                  >
                    <rect
                      fill="currentColor"
                      height="2"
                      rx="1"
                      width="12"
                      x="4"
                      y="9"
                    />
                  </svg>
                </div>
                <input
                  checked=""
                  class="base-checkbox h-0 w-0 appearance-none opacity-0"
                  readonly=""
                  type="checkbox"
                />
              </label>
            </div>
            <button
              class="flex h-full shrink-0  flex-row items-center space-x-1.5 text-base font-medium text-gray-60  100px cursor-pointer hover:text-gray-80"
              data-cy="false"
            >
              <span
                data-cy="false"
              >
                Name
              </span>
            </button>
            <button
              class="flex h-full shrink-0  flex-row items-center space-x-1.5 text-base font-medium text-gray-60  50px cursor-pointer hover:text-gray-80"
              data-cy="false"
            >
              <span
                data-cy="false"
              >
                Age
              </span>
            </button>
            <div
              class="flex h-full w-12 shrink-0"
            />
          </div>
        </div>
        <div
          class="flex h-full flex-col overflow-x-auto overflow-y-auto"
          id="scrollableList"
        >
          <div>
            <div
              class="group relative flex h-14 flex-row items-center pl-14 pr-5 bg-primary/10 text-gray-100 dark:bg-primary/20"
            >
              <div
                class="absolute left-5 top-0 flex h-full w-0 flex-row items-center justify-start p-0 opacity-0 focus-within:opacity-100 group-hover:opacity-100 opacity-100"
              >
                <label
                  class="relative h-5 w-5 rounded focus-within:outline-primary undefined"
                >
                  <div
                    class="relative flex h-5 w-5 cursor-pointer flex-col items-center justify-center rounded border text-white border-primary bg-primary"
                    data-cy="driveListItemCheckbox0"
                  >
                    <svg
                      class="absolute -inset-px"
                      fill="none"
                      height="20"
                      viewBox="0 0 20 20"
                      width="20"
                      xmlns="http://www.w3.org/2000/svg"
                    >
                      <path
                        d="m8.85955 15c.38202 0 .67978-.1461.88202-.4551l5.23593-8.00557c.1461-.22472.2079-.43259.2079-.62922 0-.52809-.3933-.91011-.9326-.91011-.3708 0-.6011.13483-.8258.48876l-4.59554 7.24724-2.33146-2.8933c-.20787-.24719-.43259-.35955-.74719-.35955-.54495 0-.9382.38764-.9382.91575 0 .2359.07303.4438.27528.6741l2.89887 3.5113c.24158.2865.51124.4157.87079.4157z"
                        fill="currentColor"
                      />
                    </svg>
                  </div>
                  <input
                    checked=""
                    class="base-checkbox h-0 w-0 appearance-none opacity-0"
                    readonly=""
                    type="checkbox"
                  />
                </label>
              </div>
              <div
                class="relative flex h-full shrink-0 flex-row items-center border-b border-primary/5 100px"
              >
                <div>
                  Item 1
                </div>
              </div>
              <div
                class="flex h-14 w-12 shrink-0 flex-col items-center justify-center border-b border-primary/5"
              >
                <button
                  class="flex h-10 w-10 flex-col items-center justify-center rounded-md opacity-0 outline-none focus-visible:opacity-100 group-hover:opacity-100 text-gray-80 hover:bg-primary/10 focus-visible:bg-primary/10"
                >
                  <svg
                    fill="currentColor"
                    height="24"
                    viewBox="0 0 256 256"
                    width="24"
                    xmlns="http://www.w3.org/2000/svg"
                  >
                    <path
                      d="M144,128a16,16,0,1,1-16-16A16,16,0,0,1,144,128ZM60,112a16,16,0,1,0,16,16A16,16,0,0,0,60,112Zm136,0a16,16,0,1,0,16,16A16,16,0,0,0,196,112Z"
                    />
                  </svg>
                </button>
              </div>
            </div>
            <div
              class="group relative flex h-14 flex-row items-center pl-14 pr-5 focus-within:bg-gray-1 hover:bg-gray-1"
            >
              <div
                class="absolute left-5 top-0 flex h-full w-0 flex-row items-center justify-start p-0 opacity-0 focus-within:opacity-100 group-hover:opacity-100 false"
              >
                <label
                  class="relative h-5 w-5 rounded focus-within:outline-primary undefined"
                >
                  <div
                    class="relative flex h-5 w-5 cursor-pointer flex-col items-center justify-center rounded border text-white border-gray-30 hover:border-gray-40"
                    data-cy="driveListItemCheckbox1"
                  />
                  <input
                    class="base-checkbox h-0 w-0 appearance-none opacity-0"
                    readonly=""
                    type="checkbox"
                  />
                </label>
              </div>
              <div
                class="relative flex h-full shrink-0 flex-row items-center border-b border-gray-5 100px"
              >
                <div>
                  Item 2
                </div>
              </div>
              <div
                class="flex h-14 w-12 shrink-0 flex-col items-center justify-center border-b border-gray-5"
              >
                <button
                  class="flex h-10 w-10 flex-col items-center justify-center rounded-md opacity-0 outline-none focus-visible:opacity-100 group-hover:opacity-100 text-gray-60 hover:bg-gray-10 focus-visible:bg-gray-10"
                >
                  <svg
                    fill="currentColor"
                    height="24"
                    viewBox="0 0 256 256"
                    width="24"
                    xmlns="http://www.w3.org/2000/svg"
                  >
                    <path
                      d="M144,128a16,16,0,1,1-16-16A16,16,0,0,1,144,128ZM60,112a16,16,0,1,0,16,16A16,16,0,0,0,60,112Zm136,0a16,16,0,1,0,16,16A16,16,0,0,0,196,112Z"
                    />
                  </svg>
                </button>
              </div>
            </div>
          </div>
          <div
            class="h-full w-full py-6"
            data-testid="outside-click-element"
          />
        </div>
      </div>
    </div>
  </body>,
  "container": <div>
    <div
      class="relative flex h-full flex-col overflow-x-hidden overflow-y-hidden undefined"
      id="generic-list-component"
    >
      <div
        class="flex h-12 shrink-0 flex-row px-5"
      >
        <div
          class="flex h-full min-w-full flex-row items-center border-b border-gray-10"
        >
          <div
            class="flex h-full flex-row items-center justify-between pr-4"
          >
            <label
              class="relative h-5 w-5 rounded focus-within:outline-primary undefined"
            >
              <div
                class="relative flex h-5 w-5 cursor-pointer flex-col items-center justify-center rounded border text-white border-primary bg-primary"
              >
                <svg
                  class="absolute -inset-px"
                  fill="none"
                  height="20"
                  viewBox="0 0 20 20"
                  width="20"
                  xmlns="http://www.w3.org/2000/svg"
                >
                  <rect
                    fill="currentColor"
                    height="2"
                    rx="1"
                    width="12"
                    x="4"
                    y="9"
                  />
                </svg>
              </div>
              <input
                checked=""
                class="base-checkbox h-0 w-0 appearance-none opacity-0"
                readonly=""
                type="checkbox"
              />
            </label>
          </div>
          <button
            class="flex h-full shrink-0  flex-row items-center space-x-1.5 text-base font-medium text-gray-60  100px cursor-pointer hover:text-gray-80"
            data-cy="false"
          >
            <span
              data-cy="false"
            >
              Name
            </span>
          </button>
          <button
            class="flex h-full shrink-0  flex-row items-center space-x-1.5 text-base font-medium text-gray-60  50px cursor-pointer hover:text-gray-80"
            data-cy="false"
          >
            <span
              data-cy="false"
            >
              Age
            </span>
          </button>
          <div
            class="flex h-full w-12 shrink-0"
          />
        </div>
      </div>
      <div
        class="flex h-full flex-col overflow-x-auto overflow-y-auto"
        id="scrollableList"
      >
        <div>
          <div
            class="group relative flex h-14 flex-row items-center pl-14 pr-5 bg-primary/10 text-gray-100 dark:bg-primary/20"
          >
            <div
              class="absolute left-5 top-0 flex h-full w-0 flex-row items-center justify-start p-0 opacity-0 focus-within:opacity-100 group-hover:opacity-100 opacity-100"
            >
              <label
                class="relative h-5 w-5 rounded focus-within:outline-primary undefined"
              >
                <div
                  class="relative flex h-5 w-5 cursor-pointer flex-col items-center justify-center rounded border text-white border-primary bg-primary"
                  data-cy="driveListItemCheckbox0"
                >
                  <svg
                    class="absolute -inset-px"
                    fill="none"
                    height="20"
                    viewBox="0 0 20 20"
                    width="20"
                    xmlns="http://www.w3.org/2000/svg"
                  >
                    <path
                      d="m8.85955 15c.38202 0 .67978-.1461.88202-.4551l5.23593-8.00557c.1461-.22472.2079-.43259.2079-.62922 0-.52809-.3933-.91011-.9326-.91011-.3708 0-.6011.13483-.8258.48876l-4.59554 7.24724-2.33146-2.8933c-.20787-.24719-.43259-.35955-.74719-.35955-.54495 0-.9382.38764-.9382.91575 0 .2359.07303.4438.27528.6741l2.89887 3.5113c.24158.2865.51124.4157.87079.4157z"
                      fill="currentColor"
                    />
                  </svg>
                </div>
                <input
                  checked=""
                  class="base-checkbox h-0 w-0 appearance-none opacity-0"
                  readonly=""
                  type="checkbox"
                />
              </label>
            </div>
            <div
              class="relative flex h-full shrink-0 flex-row items-center border-b border-primary/5 100px"
            >
              <div>
                Item 1
              </div>
            </div>
            <div
              class="flex h-14 w-12 shrink-0 flex-col items-center justify-center border-b border-primary/5"
            >
              <button
                class="flex h-10 w-10 flex-col items-center justify-center rounded-md opacity-0 outline-none focus-visible:opacity-100 group-hover:opacity-100 text-gray-80 hover:bg-primary/10 focus-visible:bg-primary/10"
              >
                <svg
                  fill="currentColor"
                  height="24"
                  viewBox="0 0 256 256"
                  width="24"
                  xmlns="http://www.w3.org/2000/svg"
                >
                  <path
                    d="M144,128a16,16,0,1,1-16-16A16,16,0,0,1,144,128ZM60,112a16,16,0,1,0,16,16A16,16,0,0,0,60,112Zm136,0a16,16,0,1,0,16,16A16,16,0,0,0,196,112Z"
                  />
                </svg>
              </button>
            </div>
          </div>
          <div
            class="group relative flex h-14 flex-row items-center pl-14 pr-5 focus-within:bg-gray-1 hover:bg-gray-1"
          >
            <div
              class="absolute left-5 top-0 flex h-full w-0 flex-row items-center justify-start p-0 opacity-0 focus-within:opacity-100 group-hover:opacity-100 false"
            >
              <label
                class="relative h-5 w-5 rounded focus-within:outline-primary undefined"
              >
                <div
                  class="relative flex h-5 w-5 cursor-pointer flex-col items-center justify-center rounded border text-white border-gray-30 hover:border-gray-40"
                  data-cy="driveListItemCheckbox1"
                />
                <input
                  class="base-checkbox h-0 w-0 appearance-none opacity-0"
                  readonly=""
                  type="checkbox"
                />
              </label>
            </div>
            <div
              class="relative flex h-full shrink-0 flex-row items-center border-b border-gray-5 100px"
            >
              <div>
                Item 2
              </div>
            </div>
            <div
              class="flex h-14 w-12 shrink-0 flex-col items-center justify-center border-b border-gray-5"
            >
              <button
                class="flex h-10 w-10 flex-col items-center justify-center rounded-md opacity-0 outline-none focus-visible:opacity-100 group-hover:opacity-100 text-gray-60 hover:bg-gray-10 focus-visible:bg-gray-10"
              >
                <svg
                  fill="currentColor"
                  height="24"
                  viewBox="0 0 256 256"
                  width="24"
                  xmlns="http://www.w3.org/2000/svg"
                >
                  <path
                    d="M144,128a16,16,0,1,1-16-16A16,16,0,0,1,144,128ZM60,112a16,16,0,1,0,16,16A16,16,0,0,0,60,112Zm136,0a16,16,0,1,0,16,16A16,16,0,0,0,196,112Z"
                  />
                </svg>
              </button>
            </div>
          </div>
        </div>
        <div
          class="h-full w-full py-6"
          data-testid="outside-click-element"
        />
      </div>
    </div>
  </div>,
  "debug": [Function],
  "findAllByAltText": [Function],
  "findAllByDisplayValue": [Function],
  "findAllByLabelText": [Function],
  "findAllByPlaceholderText": [Function],
  "findAllByRole": [Function],
  "findAllByTestId": [Function],
  "findAllByText": [Function],
  "findAllByTitle": [Function],
  "findByAltText": [Function],
  "findByDisplayValue": [Function],
  "findByLabelText": [Function],
  "findByPlaceholderText": [Function],
  "findByRole": [Function],
  "findByTestId": [Function],
  "findByText": [Function],
  "findByTitle": [Function],
  "getAllByAltText": [Function],
  "getAllByDisplayValue": [Function],
  "getAllByLabelText": [Function],
  "getAllByPlaceholderText": [Function],
  "getAllByRole": [Function],
  "getAllByTestId": [Function],
  "getAllByText": [Function],
  "getAllByTitle": [Function],
  "getByAltText": [Function],
  "getByDisplayValue": [Function],
  "getByLabelText": [Function],
  "getByPlaceholderText": [Function],
  "getByRole": [Function],
  "getByTestId": [Function],
  "getByText": [Function],
  "getByTitle": [Function],
  "queryAllByAltText": [Function],
  "queryAllByDisplayValue": [Function],
  "queryAllByLabelText": [Function],
  "queryAllByPlaceholderText": [Function],
  "queryAllByRole": [Function],
  "queryAllByTestId": [Function],
  "queryAllByText": [Function],
  "queryAllByTitle": [Function],
  "queryByAltText": [Function],
  "queryByDisplayValue": [Function],
  "queryByLabelText": [Function],
  "queryByPlaceholderText": [Function],
  "queryByRole": [Function],
  "queryByTestId": [Function],
  "queryByText": [Function],
  "queryByTitle": [Function],
  "rerender": [Function],
  "unmount": [Function],
}
`;
