// Vitest Snapshot v1, https://vitest.dev/guide/snapshot.html

exports[`Modal Component > should match snapshot when isOpen is true 1`] = `
<div>
  <div
    class="m-0"
  >
    <div
      class="
              fixed
              min-h-full
              inset-0
              z-[9999]
              bg-highlight/40
              transition-opacity
              duration-150
              ease-out
              opacity-0
              pointer-events-none           
            "
    />
    <div
      class="
              fixed
              inset-0
              z-[9999]
              flex
              min-h-full
              items-center
              justify-center
              transition-opacity
              duration-150
              ease-out
              overflow-y-auto
              opacity-0
              scale-95
            "
    >
      <section
        class="
                w-full
                max-w-lg
                p-5
                text-gray-100
                rounded-2xl
                bg-surface
                shadow-subtle-hard
                transform
                transition-all
                duration-150
                ease-out
                opacity-0
                scale-95
              "
        data-modal="true"
        data-testid="ModalContent"
      >
        <div
          class="text-center"
        >
          <h2
            class="text-lg font-semibold"
          >
            Title
          </h2>
          <p
            class="mt-2"
          >
            Modal Content
          </p>
          <button
            class="mt-4 px-4 py-2 bg-blue-600 text-white rounded hover:bg-blue-700"
          >
            Close
          </button>
        </div>
      </section>
    </div>
  </div>
</div>
`;
