// Vitest Snapshot v1, https://vitest.dev/guide/snapshot.html

exports[`TransparentModal Component > should match snapshot when isOpen is true 1`] = `
<div>
  <div
    class="
      fixed 
      inset-0 
      z-50 
      flex 
      items-center 
      justify-center
      
    "
  >
    <div
      class="
            fixed 
            inset-0 
            bg-black/50 
            backdrop-blur-sm 
            transition-opacity 
            duration-200
            opacity-0
          "
    />
    <div
      class="
          relative
          flex
          bg-black/15
          border
          border-white/15
          rounded-[20px]
          backdrop-blur
          shadow-lg
          transition-all
          duration-200
          pointer-events-auto
          opacity-0
          scale-95
          undefined
        "
    >
      <div
        class="text-center"
      >
        <h2
          class="text-lg font-semibold"
        >
          Title
        </h2>
        <p
          class="mt-2"
        >
          Modal Content
        </p>
        <button
          class="mt-4 px-4 py-2 bg-blue-600 text-white rounded hover:bg-blue-700"
        >
          Close
        </button>
      </div>
    </div>
  </div>
</div>
`;
