// Vitest Snapshot v1, https://vitest.dev/guide/snapshot.html

exports[`SkeletonLoader > should match snapshot 1`] = `
{
  "asFragment": [Function],
  "baseElement": <body>
    <div>
      <div
        class="group relative flex h-14 animate-pulse flex-row items-center pl-14 pr-5"
        data-testid="skeleton-loader-item"
      >
        <div
          class="relative flex h-full shrink-0 flex-row items-center overflow-hidden whitespace-nowrap border-b border-gray-5 flex grow items-center min-w-driveNameHeader"
        >
          <div
            class="mr-3 flex w-full flex-row items-center space-x-4"
          >
            <div
              class="h-8 w-8 rounded-md bg-gray-5"
            />
            <div
              class="h-4 w-full rounded bg-gray-5"
            />
          </div>
        </div>
        <div
          class="relative flex h-full shrink-0 flex-row items-center overflow-hidden whitespace-nowrap border-b border-gray-5 w-date"
        >
          <div
            class="h-4 w-64 rounded bg-gray-5"
          />
        </div>
        <div
          class="relative flex h-full shrink-0 flex-row items-center overflow-hidden whitespace-nowrap border-b border-gray-5 w-size"
        >
          <div
            class="ml-3 h-4 w-24 rounded bg-gray-5"
          />
        </div>
      </div>
      <div
        class="group relative flex h-14 animate-pulse flex-row items-center pl-14 pr-5"
        data-testid="skeleton-loader-item"
      >
        <div
          class="relative flex h-full shrink-0 flex-row items-center overflow-hidden whitespace-nowrap border-b border-gray-5 flex grow items-center min-w-driveNameHeader"
        >
          <div
            class="mr-3 flex w-full flex-row items-center space-x-4"
          >
            <div
              class="h-8 w-8 rounded-md bg-gray-5"
            />
            <div
              class="h-4 w-full rounded bg-gray-5"
            />
          </div>
        </div>
        <div
          class="relative flex h-full shrink-0 flex-row items-center overflow-hidden whitespace-nowrap border-b border-gray-5 w-date"
        >
          <div
            class="h-4 w-64 rounded bg-gray-5"
          />
        </div>
        <div
          class="relative flex h-full shrink-0 flex-row items-center overflow-hidden whitespace-nowrap border-b border-gray-5 w-size"
        >
          <div
            class="ml-3 h-4 w-24 rounded bg-gray-5"
          />
        </div>
      </div>
      <div
        class="group relative flex h-14 animate-pulse flex-row items-center pl-14 pr-5"
        data-testid="skeleton-loader-item"
      >
        <div
          class="relative flex h-full shrink-0 flex-row items-center overflow-hidden whitespace-nowrap border-b border-gray-5 flex grow items-center min-w-driveNameHeader"
        >
          <div
            class="mr-3 flex w-full flex-row items-center space-x-4"
          >
            <div
              class="h-8 w-8 rounded-md bg-gray-5"
            />
            <div
              class="h-4 w-full rounded bg-gray-5"
            />
          </div>
        </div>
        <div
          class="relative flex h-full shrink-0 flex-row items-center overflow-hidden whitespace-nowrap border-b border-gray-5 w-date"
        >
          <div
            class="h-4 w-64 rounded bg-gray-5"
          />
        </div>
        <div
          class="relative flex h-full shrink-0 flex-row items-center overflow-hidden whitespace-nowrap border-b border-gray-5 w-size"
        >
          <div
            class="ml-3 h-4 w-24 rounded bg-gray-5"
          />
        </div>
      </div>
    </div>
  </body>,
  "container": <div>
    <div
      class="group relative flex h-14 animate-pulse flex-row items-center pl-14 pr-5"
      data-testid="skeleton-loader-item"
    >
      <div
        class="relative flex h-full shrink-0 flex-row items-center overflow-hidden whitespace-nowrap border-b border-gray-5 flex grow items-center min-w-driveNameHeader"
      >
        <div
          class="mr-3 flex w-full flex-row items-center space-x-4"
        >
          <div
            class="h-8 w-8 rounded-md bg-gray-5"
          />
          <div
            class="h-4 w-full rounded bg-gray-5"
          />
        </div>
      </div>
      <div
        class="relative flex h-full shrink-0 flex-row items-center overflow-hidden whitespace-nowrap border-b border-gray-5 w-date"
      >
        <div
          class="h-4 w-64 rounded bg-gray-5"
        />
      </div>
      <div
        class="relative flex h-full shrink-0 flex-row items-center overflow-hidden whitespace-nowrap border-b border-gray-5 w-size"
      >
        <div
          class="ml-3 h-4 w-24 rounded bg-gray-5"
        />
      </div>
    </div>
    <div
      class="group relative flex h-14 animate-pulse flex-row items-center pl-14 pr-5"
      data-testid="skeleton-loader-item"
    >
      <div
        class="relative flex h-full shrink-0 flex-row items-center overflow-hidden whitespace-nowrap border-b border-gray-5 flex grow items-center min-w-driveNameHeader"
      >
        <div
          class="mr-3 flex w-full flex-row items-center space-x-4"
        >
          <div
            class="h-8 w-8 rounded-md bg-gray-5"
          />
          <div
            class="h-4 w-full rounded bg-gray-5"
          />
        </div>
      </div>
      <div
        class="relative flex h-full shrink-0 flex-row items-center overflow-hidden whitespace-nowrap border-b border-gray-5 w-date"
      >
        <div
          class="h-4 w-64 rounded bg-gray-5"
        />
      </div>
      <div
        class="relative flex h-full shrink-0 flex-row items-center overflow-hidden whitespace-nowrap border-b border-gray-5 w-size"
      >
        <div
          class="ml-3 h-4 w-24 rounded bg-gray-5"
        />
      </div>
    </div>
    <div
      class="group relative flex h-14 animate-pulse flex-row items-center pl-14 pr-5"
      data-testid="skeleton-loader-item"
    >
      <div
        class="relative flex h-full shrink-0 flex-row items-center overflow-hidden whitespace-nowrap border-b border-gray-5 flex grow items-center min-w-driveNameHeader"
      >
        <div
          class="mr-3 flex w-full flex-row items-center space-x-4"
        >
          <div
            class="h-8 w-8 rounded-md bg-gray-5"
          />
          <div
            class="h-4 w-full rounded bg-gray-5"
          />
        </div>
      </div>
      <div
        class="relative flex h-full shrink-0 flex-row items-center overflow-hidden whitespace-nowrap border-b border-gray-5 w-date"
      >
        <div
          class="h-4 w-64 rounded bg-gray-5"
        />
      </div>
      <div
        class="relative flex h-full shrink-0 flex-row items-center overflow-hidden whitespace-nowrap border-b border-gray-5 w-size"
      >
        <div
          class="ml-3 h-4 w-24 rounded bg-gray-5"
        />
      </div>
    </div>
  </div>,
  "debug": [Function],
  "findAllByAltText": [Function],
  "findAllByDisplayValue": [Function],
  "findAllByLabelText": [Function],
  "findAllByPlaceholderText": [Function],
  "findAllByRole": [Function],
  "findAllByTestId": [Function],
  "findAllByText": [Function],
  "findAllByTitle": [Function],
  "findByAltText": [Function],
  "findByDisplayValue": [Function],
  "findByLabelText": [Function],
  "findByPlaceholderText": [Function],
  "findByRole": [Function],
  "findByTestId": [Function],
  "findByText": [Function],
  "findByTitle": [Function],
  "getAllByAltText": [Function],
  "getAllByDisplayValue": [Function],
  "getAllByLabelText": [Function],
  "getAllByPlaceholderText": [Function],
  "getAllByRole": [Function],
  "getAllByTestId": [Function],
  "getAllByText": [Function],
  "getAllByTitle": [Function],
  "getByAltText": [Function],
  "getByDisplayValue": [Function],
  "getByLabelText": [Function],
  "getByPlaceholderText": [Function],
  "getByRole": [Function],
  "getByTestId": [Function],
  "getByText": [Function],
  "getByTitle": [Function],
  "queryAllByAltText": [Function],
  "queryAllByDisplayValue": [Function],
  "queryAllByLabelText": [Function],
  "queryAllByPlaceholderText": [Function],
  "queryAllByRole": [Function],
  "queryAllByTestId": [Function],
  "queryAllByText": [Function],
  "queryAllByTitle": [Function],
  "queryByAltText": [Function],
  "queryByDisplayValue": [Function],
  "queryByLabelText": [Function],
  "queryByPlaceholderText": [Function],
  "queryByRole": [Function],
  "queryByTestId": [Function],
  "queryByText": [Function],
  "queryByTitle": [Function],
  "rerender": [Function],
  "unmount": [Function],
}
`;
