// Vitest Snapshot v1, https://vitest.dev/guide/snapshot.html

exports[`Tooltip > should match snapshot 1`] = `
{
  "asFragment": [Function],
  "baseElement": <body>
    <div>
      <div
        class="relative w-max undefined"
        style="line-height: 0;"
      >
        <div
          class="pointer-events-none absolute bottom-full left-1/2 -translate-x-1/2 mb-1.5 origin-bottom flex items-center flex-col drop-shadow-tooltip transition-all duration-150 scale-50 opacity-0"
        >
          <div
            class="w-max rounded-lg bg-gray-90 px-4 py-1.5 text-center dark:bg-gray-5"
          >
            <p
              class="text-base text-white"
            >
              Tooltip Title
            </p>
          </div>
          <div
            class="bg-gray-90 dark:bg-gray-5 h-1.5 w-4"
            data-testid="tooltip-arrow"
            style="clip-path: polygon(0% 0%, 100% 0%, 50% 100%); margin-top: -1px;"
          />
        </div>
        <button>
          Hover me
        </button>
      </div>
    </div>
  </body>,
  "container": <div>
    <div
      class="relative w-max undefined"
      style="line-height: 0;"
    >
      <div
        class="pointer-events-none absolute bottom-full left-1/2 -translate-x-1/2 mb-1.5 origin-bottom flex items-center flex-col drop-shadow-tooltip transition-all duration-150 scale-50 opacity-0"
      >
        <div
          class="w-max rounded-lg bg-gray-90 px-4 py-1.5 text-center dark:bg-gray-5"
        >
          <p
            class="text-base text-white"
          >
            Tooltip Title
          </p>
        </div>
        <div
          class="bg-gray-90 dark:bg-gray-5 h-1.5 w-4"
          data-testid="tooltip-arrow"
          style="clip-path: polygon(0% 0%, 100% 0%, 50% 100%); margin-top: -1px;"
        />
      </div>
      <button>
        Hover me
      </button>
    </div>
  </div>,
  "debug": [Function],
  "findAllByAltText": [Function],
  "findAllByDisplayValue": [Function],
  "findAllByLabelText": [Function],
  "findAllByPlaceholderText": [Function],
  "findAllByRole": [Function],
  "findAllByTestId": [Function],
  "findAllByText": [Function],
  "findAllByTitle": [Function],
  "findByAltText": [Function],
  "findByDisplayValue": [Function],
  "findByLabelText": [Function],
  "findByPlaceholderText": [Function],
  "findByRole": [Function],
  "findByTestId": [Function],
  "findByText": [Function],
  "findByTitle": [Function],
  "getAllByAltText": [Function],
  "getAllByDisplayValue": [Function],
  "getAllByLabelText": [Function],
  "getAllByPlaceholderText": [Function],
  "getAllByRole": [Function],
  "getAllByTestId": [Function],
  "getAllByText": [Function],
  "getAllByTitle": [Function],
  "getByAltText": [Function],
  "getByDisplayValue": [Function],
  "getByLabelText": [Function],
  "getByPlaceholderText": [Function],
  "getByRole": [Function],
  "getByTestId": [Function],
  "getByText": [Function],
  "getByTitle": [Function],
  "queryAllByAltText": [Function],
  "queryAllByDisplayValue": [Function],
  "queryAllByLabelText": [Function],
  "queryAllByPlaceholderText": [Function],
  "queryAllByRole": [Function],
  "queryAllByTestId": [Function],
  "queryAllByText": [Function],
  "queryAllByTitle": [Function],
  "queryByAltText": [Function],
  "queryByDisplayValue": [Function],
  "queryByLabelText": [Function],
  "queryByPlaceholderText": [Function],
  "queryByRole": [Function],
  "queryByTestId": [Function],
  "queryByText": [Function],
  "queryByTitle": [Function],
  "rerender": [Function],
  "unmount": [Function],
}
`;
