// Vitest Snapshot v1, https://vitest.dev/guide/snapshot.html

exports[`BaseDialog > should match snapshot 1`] = `
{
  "asFragment": [Function],
  "baseElement": <body>
    <div>
      <div
        class="flex  absolute bottom-0 left-0 right-0 top-0 z-50 bg-black/40"
      >
        <div
          class=" absolute left-1/2 top-1/2 flex w-104 -translate-x-1/2
        -translate-y-1/2 flex-col overflow-hidden  rounded-lg pt-8 text-gray-100 bg-surface"
        >
          <div
            class="justify-between bg-gray-1 p-5 flex flex-row items-start"
          >
            <div
              class="relative flex max-w-full flex-1 flex-col truncate"
            >
              <span
                class=" truncate text-xl"
                title="Dialog Title"
              >
                Dialog Title
              </span>
              <span
                class="max-w-fit flex-1 truncate text-base font-normal text-gray-50"
              >
                This is a subtitle
              </span>
            </div>
            <div
              class="relative ml-auto cursor-pointer bg-surface
           transition duration-200 ease-in-out text-primary hover:text-primary-dark "
            >
              <svg
                fill="currentColor"
                height="28"
                role="button"
                viewBox="0 0 256 256"
                width="28"
                xmlns="http://www.w3.org/2000/svg"
              >
                <path
                  d="M205.66,194.34a8,8,0,0,1-11.32,11.32L128,139.31,61.66,205.66a8,8,0,0,1-11.32-11.32L116.69,128,50.34,61.66A8,8,0,0,1,61.66,50.34L128,116.69l66.34-66.35a8,8,0,0,1,11.32,11.32L139.31,128Z"
                />
              </svg>
            </div>
          </div>
          <div>
            Dialog content
          </div>
        </div>
      </div>
    </div>
  </body>,
  "container": <div>
    <div
      class="flex  absolute bottom-0 left-0 right-0 top-0 z-50 bg-black/40"
    >
      <div
        class=" absolute left-1/2 top-1/2 flex w-104 -translate-x-1/2
        -translate-y-1/2 flex-col overflow-hidden  rounded-lg pt-8 text-gray-100 bg-surface"
      >
        <div
          class="justify-between bg-gray-1 p-5 flex flex-row items-start"
        >
          <div
            class="relative flex max-w-full flex-1 flex-col truncate"
          >
            <span
              class=" truncate text-xl"
              title="Dialog Title"
            >
              Dialog Title
            </span>
            <span
              class="max-w-fit flex-1 truncate text-base font-normal text-gray-50"
            >
              This is a subtitle
            </span>
          </div>
          <div
            class="relative ml-auto cursor-pointer bg-surface
           transition duration-200 ease-in-out text-primary hover:text-primary-dark "
          >
            <svg
              fill="currentColor"
              height="28"
              role="button"
              viewBox="0 0 256 256"
              width="28"
              xmlns="http://www.w3.org/2000/svg"
            >
              <path
                d="M205.66,194.34a8,8,0,0,1-11.32,11.32L128,139.31,61.66,205.66a8,8,0,0,1-11.32-11.32L116.69,128,50.34,61.66A8,8,0,0,1,61.66,50.34L128,116.69l66.34-66.35a8,8,0,0,1,11.32,11.32L139.31,128Z"
              />
            </svg>
          </div>
        </div>
        <div>
          Dialog content
        </div>
      </div>
    </div>
  </div>,
  "debug": [Function],
  "findAllByAltText": [Function],
  "findAllByDisplayValue": [Function],
  "findAllByLabelText": [Function],
  "findAllByPlaceholderText": [Function],
  "findAllByRole": [Function],
  "findAllByTestId": [Function],
  "findAllByText": [Function],
  "findAllByTitle": [Function],
  "findByAltText": [Function],
  "findByDisplayValue": [Function],
  "findByLabelText": [Function],
  "findByPlaceholderText": [Function],
  "findByRole": [Function],
  "findByTestId": [Function],
  "findByText": [Function],
  "findByTitle": [Function],
  "getAllByAltText": [Function],
  "getAllByDisplayValue": [Function],
  "getAllByLabelText": [Function],
  "getAllByPlaceholderText": [Function],
  "getAllByRole": [Function],
  "getAllByTestId": [Function],
  "getAllByText": [Function],
  "getAllByTitle": [Function],
  "getByAltText": [Function],
  "getByDisplayValue": [Function],
  "getByLabelText": [Function],
  "getByPlaceholderText": [Function],
  "getByRole": [Function],
  "getByTestId": [Function],
  "getByText": [Function],
  "getByTitle": [Function],
  "queryAllByAltText": [Function],
  "queryAllByDisplayValue": [Function],
  "queryAllByLabelText": [Function],
  "queryAllByPlaceholderText": [Function],
  "queryAllByRole": [Function],
  "queryAllByTestId": [Function],
  "queryAllByText": [Function],
  "queryAllByTitle": [Function],
  "queryByAltText": [Function],
  "queryByDisplayValue": [Function],
  "queryByLabelText": [Function],
  "queryByPlaceholderText": [Function],
  "queryByRole": [Function],
  "queryByTestId": [Function],
  "queryByText": [Function],
  "queryByTitle": [Function],
  "rerender": [Function],
  "unmount": [Function],
}
`;
