// Vitest Snapshot v1, https://vitest.dev/guide/snapshot.html

exports[`ContextMenu Component > should match snapshot 1`] = `
{
  "asFragment": [Function],
  "baseElement": <body>
    <div>
      <div
        class="z-20 mt-0 flex flex-col rounded-lg bg-surface py-1.5 shadow-subtle-hard outline-none dark:bg-gray-5"
        style="position: absolute; left: 100px; top: 100px; z-index: 99;"
      >
        <div
          class="z-20 mt-0 flex flex-col rounded-lg bg-surface py-1.5 shadow-subtle-hard outline-none dark:bg-gray-5"
        >
          <div>
            <div
              class=""
            >
              <div
                class="flex cursor-pointer flex-row whitespace-nowrap px-4 py-1.5 text-base
                    
                    
                    
                    text-gray-80
                  "
              >
                <div
                  class="flex flex-row items-center space-x-2"
                >
                  <span>
                    Option 1
                  </span>
                </div>
                <span
                  class="ml-5 flex grow items-center justify-end text-sm text-gray-40"
                />
              </div>
            </div>
          </div>
          <div>
            <div
              class=""
            >
              <div
                class="flex cursor-pointer flex-row whitespace-nowrap px-4 py-1.5 text-base
                    
                    
                    
                    text-gray-80
                  "
              >
                <div
                  class="flex flex-row items-center space-x-2"
                >
                  <span>
                    Option 2
                  </span>
                </div>
                <span
                  class="ml-5 flex grow items-center justify-end text-sm text-gray-40"
                />
              </div>
            </div>
          </div>
          <div>
            <div
              class="my-0.5 flex w-full flex-row px-4"
            >
              <div
                class="h-px w-full bg-gray-10"
              />
            </div>
          </div>
          <div>
            <div
              class=""
            >
              <div
                class="flex cursor-pointer flex-row whitespace-nowrap px-4 py-1.5 text-base
                    
                    
                    
                    text-gray-80
                  "
              >
                <div
                  class="flex flex-row items-center space-x-2"
                >
                  <span>
                    Option 3
                  </span>
                </div>
                <span
                  class="ml-5 flex grow items-center justify-end text-sm text-gray-40"
                />
              </div>
            </div>
          </div>
        </div>
      </div>
    </div>
  </body>,
  "container": <div>
    <div
      class="z-20 mt-0 flex flex-col rounded-lg bg-surface py-1.5 shadow-subtle-hard outline-none dark:bg-gray-5"
      style="position: absolute; left: 100px; top: 100px; z-index: 99;"
    >
      <div
        class="z-20 mt-0 flex flex-col rounded-lg bg-surface py-1.5 shadow-subtle-hard outline-none dark:bg-gray-5"
      >
        <div>
          <div
            class=""
          >
            <div
              class="flex cursor-pointer flex-row whitespace-nowrap px-4 py-1.5 text-base
                    
                    
                    
                    text-gray-80
                  "
            >
              <div
                class="flex flex-row items-center space-x-2"
              >
                <span>
                  Option 1
                </span>
              </div>
              <span
                class="ml-5 flex grow items-center justify-end text-sm text-gray-40"
              />
            </div>
          </div>
        </div>
        <div>
          <div
            class=""
          >
            <div
              class="flex cursor-pointer flex-row whitespace-nowrap px-4 py-1.5 text-base
                    
                    
                    
                    text-gray-80
                  "
            >
              <div
                class="flex flex-row items-center space-x-2"
              >
                <span>
                  Option 2
                </span>
              </div>
              <span
                class="ml-5 flex grow items-center justify-end text-sm text-gray-40"
              />
            </div>
          </div>
        </div>
        <div>
          <div
            class="my-0.5 flex w-full flex-row px-4"
          >
            <div
              class="h-px w-full bg-gray-10"
            />
          </div>
        </div>
        <div>
          <div
            class=""
          >
            <div
              class="flex cursor-pointer flex-row whitespace-nowrap px-4 py-1.5 text-base
                    
                    
                    
                    text-gray-80
                  "
            >
              <div
                class="flex flex-row items-center space-x-2"
              >
                <span>
                  Option 3
                </span>
              </div>
              <span
                class="ml-5 flex grow items-center justify-end text-sm text-gray-40"
              />
            </div>
          </div>
        </div>
      </div>
    </div>
  </div>,
  "debug": [Function],
  "findAllByAltText": [Function],
  "findAllByDisplayValue": [Function],
  "findAllByLabelText": [Function],
  "findAllByPlaceholderText": [Function],
  "findAllByRole": [Function],
  "findAllByTestId": [Function],
  "findAllByText": [Function],
  "findAllByTitle": [Function],
  "findByAltText": [Function],
  "findByDisplayValue": [Function],
  "findByLabelText": [Function],
  "findByPlaceholderText": [Function],
  "findByRole": [Function],
  "findByTestId": [Function],
  "findByText": [Function],
  "findByTitle": [Function],
  "getAllByAltText": [Function],
  "getAllByDisplayValue": [Function],
  "getAllByLabelText": [Function],
  "getAllByPlaceholderText": [Function],
  "getAllByRole": [Function],
  "getAllByTestId": [Function],
  "getAllByText": [Function],
  "getAllByTitle": [Function],
  "getByAltText": [Function],
  "getByDisplayValue": [Function],
  "getByLabelText": [Function],
  "getByPlaceholderText": [Function],
  "getByRole": [Function],
  "getByTestId": [Function],
  "getByText": [Function],
  "getByTitle": [Function],
  "queryAllByAltText": [Function],
  "queryAllByDisplayValue": [Function],
  "queryAllByLabelText": [Function],
  "queryAllByPlaceholderText": [Function],
  "queryAllByRole": [Function],
  "queryAllByTestId": [Function],
  "queryAllByText": [Function],
  "queryAllByTitle": [Function],
  "queryByAltText": [Function],
  "queryByDisplayValue": [Function],
  "queryByLabelText": [Function],
  "queryByPlaceholderText": [Function],
  "queryByRole": [Function],
  "queryByTestId": [Function],
  "queryByText": [Function],
  "queryByTitle": [Function],
  "rerender": [Function],
  "unmount": [Function],
}
`;
