// Vitest Snapshot v1, https://vitest.dev/guide/snapshot.html

exports[`Dialog > should match snapshot 1`] = `
<div>
  <div
    class="fixed inset-0 z-50 "
  >
    <div
      class="absolute inset-0 bg-gray-100/50 transition-opacity
             duration-150 dark:bg-black/75
              opacity-0
            "
      data-testid="dialog-overlay"
    />
    <div
      class="absolute
              left-1/2
              top-1/2
              w-full
              max-w-sm
              -translate-x-1/2
              -translate-y-1/2
              transform rounded-2xl
              bg-surface p-5
              transition-all
              duration-150
              dark:bg-gray-1
              scale-95 
              opacity-0"
    >
      <div
        class="flex flex-col space-y-2"
      >
        <p
          class="text-2xl font-medium text-gray-100"
        >
          Dialog Title
        </p>
        <p
          class="text-gray-60"
        >
          Dialog Subtitle
        </p>
      </div>
      <div
        class="mt-5 flex justify-end space-x-2"
      >
        <button
          class="h-10 px-5 relative flex shrink-0 select-none flex-row items-center justify-center space-x-2 
      whitespace-nowrap rounded-lg text-base font-medium outline-none ring-2 ring-primary/0 
      ring-offset-2 ring-offset-transparent transition-all duration-100 ease-in-out 
      focus-visible:ring-primary/50 bg-surface dark:bg-gray-5 border border-gray-10 hover:border-gray-20 active:bg-gray-1 dark:active:bg-gray-10 text-gray-80 shadow-sm "
          type="button"
        >
          <div
            class="flex items-center justify-center space-x-2"
          >
            Cancel
          </div>
        </button>
        <button
          class="h-10 px-5 relative flex shrink-0 select-none flex-row items-center justify-center space-x-2 
      whitespace-nowrap rounded-lg text-base font-medium outline-none ring-2 ring-primary/0 
      ring-offset-2 ring-offset-transparent transition-all duration-100 ease-in-out 
      focus-visible:ring-primary/50 bg-primary active:bg-primary-dark text-white shadow-sm "
          type="button"
        >
          <div
            class="flex items-center justify-center space-x-2"
          >
            Confirm
          </div>
        </button>
      </div>
    </div>
  </div>
</div>
`;
